(base) ryotakusakai@ryotakusakainoMacBook-Pro test % git status
On branch main

No commits yet

Untracked files:
  (use "git add <file>..." to include in what will be committed)
        myfile.txt

nothing added to commit but untracked files present (use "git add" to track)


No commits yet

Changes to be committed:
  (use "git rm --cached <file>..." to unstage)
        new file:   myfile.txt


(base) ryozawau@ryozawauMacBook-Pro test % git commit -m "myfileを作成ました"
[main (root-commit) 8983e71] myfileを作成ました
 1 file changed, 1 insertion(+)
 create mode 100644 myfile.txt


(base) ryozawau@ryozawauMacBook-Pro test % git log
commit 5d5277156bfef81535e8938f4e9f71b1db2eacf8 (HEAD -> main)
Author: lvzeyu <lvzeyu1995@gmail.com>
Date:   Sat Mar 18 22:43:34 2023 +0900

    delete myfile

commit 8983e71d981c204a92d417c0301b8e9c5f99b7f9
Author: lvzeyu <lvzeyu1995@gmail.com>
Date:   Sat Mar 18 22:34:11 2023 +0900

    myfileを作成ました


(base) ryozawau@ryozawauMacBook-Pro test % git branch
  develop
* main
  renewal
(base) ryozawau@ryozawauMacBook-Pro test % ls 
myfile.txt      myfile2.txt
(base) ryozawau@ryozawauMacBook-Pro test % git checkout develop
Switched to branch 'develop'
(base) ryozawau@ryozawauMacBook-Pro test % ls
myfile.txt      myfile2.txt
(base) ryozawau@ryozawauMacBook-Pro test % git checkout renewal
Switched to branch 'renewal'
(base) ryozawau@ryozawauMacBook-Pro test % ls
myfile.txt


(base) ryozawau@ryozawauMacBook-Pro test % git checkout develop

Switched to branch 'develop'
(base) ryozawau@ryozawauMacBook-Pro test % echo some text >> myfile3.txt

(base) ryozawau@ryozawauMacBook-Pro test % git add myfile3.txt

(base) ryozawau@ryozawauMacBook-Pro test % git commit -a -m "add myfile3.txt"

[develop 05f952e] add myfile3.txt
 1 file changed, 1 insertion(+)
 create mode 100644 myfile3.txt
(base) ryozawau@ryozawauMacBook-Pro test % git diff main develop
diff --git a/myfile3.txt b/myfile3.txt
new file mode 100644
index 0000000..7b57bd2
--- /dev/null
+++ b/myfile3.txt
@@ -0,0 +1 @@
+some text


(base) ryozawau@ryozawauMacBook-Pro test % git diff main develop             
diff --git a/myfile3.txt b/myfile3.txt
new file mode 100644
index 0000000..7b57bd2
--- /dev/null
+++ b/myfile3.txt
@@ -0,0 +1 @@
+some text
diff --git a/myfile4.txt b/myfile4.txt
deleted file mode 100644
index 9cb342e..0000000
--- a/myfile4.txt
+++ /dev/null
@@ -1 +0,0 @@
-some texts in myfile4


(base) ryozawau@ryozawauMacBook-Pro test % git diff main develop
diff --git a/myfile4.txt b/myfile4.txt
deleted file mode 100644
index 9cb342e..0000000
--- a/myfile4.txt
+++ /dev/null
@@ -1 +0,0 @@
-some texts in myfile4


(base) ryozawau@ryozawauMacBook-Pro test % git remote                        
origin
(base) ryozawau@ryozawauMacBook-Pro test % git push -u origin main
Enumerating objects: 14, done.
Counting objects: 100% (14/14), done.
Delta compression using up to 10 threads
Compressing objects: 100% (9/9), done.
Writing objects: 100% (14/14), 1.05 KiB | 1.05 MiB/s, done.
Total 14 (delta 4), reused 0 (delta 0), pack-reused 0
remote: Resolving deltas: 100% (4/4), done.
To github.com:lvzeyu/test.git
 * [new branch]      main -> main
branch 'main' set up to track 'origin/main'.